Top	Hosts	Suffix
1	12	.xn--j6w193g
2	9	.arpa
3	9	.jp
4	4	.com
5	4	.net
6	3	.org
7	1	.unknown
