Illegal option --invalid
Try 'hblock --help' for more information
