Top	Hosts	Suffix
1	7	.xn--od0alg.xn--j6w193g
2	5	.home.arpa
3	5	.jp
4	5	.xn--j6w193g
5	4	.arpa
6	4	.com
7	4	.net
8	4	.xn--1lqs71d.jp
9	3	.org
10	1	.unknown
