Illegal option -i
Try 'hblock --help' for more information
